[    0.000000] Initializing cgroup subsys cpuset
[    0.000000] Initializing cgroup subsys cpu
[    0.000000] Initializing cgroup subsys cpuacct
[    0.000000] Linux version 4.4.0-173-generic (buildd@lgw01-amd64-037) (gcc version 5.4.0 20160609 (Ubuntu 5.4.0-6ubuntu1~16.04.12) ) #203-Ubuntu SMP Wed Jan 15 02:55:01 UTC 2020 (Ubuntu 4.4.0-173.203-generic 4.4.208)
[    0.000000] Command line: BOOT_IMAGE=/boot/vmlinuz-4.4.0-173-generic root=LABEL=cloudimg-rootfs ro console=tty1 console=ttyS0
[    0.000000] KERNEL supported cpus:
[    0.000000]   Intel GenuineIntel
[    0.000000]   AMD AuthenticAMD
[    0.000000]   Centaur CentaurHauls
[    0.000000] x86/fpu: xstate_offset[2]:  576, xstate_sizes[2]:  256
[    0.000000] x86/fpu: Supporting XSAVE feature 0x01: 'x87 floating point registers'
[    0.000000] x86/fpu: Supporting XSAVE feature 0x02: 'SSE registers'
[    0.000000] x86/fpu: Supporting XSAVE feature 0x04: 'AVX registers'
[    0.000000] x86/fpu: Enabled xstate features 0x7, context size is 832 bytes, using 'standard' format.
[    0.000000] e820: BIOS-provided physical RAM map:
[    0.000000] BIOS-e820: [mem 0x0000000000000000-0x000000000009fbff] usable
[    0.000000] BIOS-e820: [mem 0x000000000009fc00-0x000000000009ffff] reserved
[    0.000000] BIOS-e820: [mem 0x00000000000f0000-0x00000000000fffff] reserved
[    0.000000] BIOS-e820: [mem 0x0000000000100000-0x000000003ffeffff] usable
[    0.000000] BIOS-e820: [mem 0x000000003fff0000-0x000000003fffffff] ACPI data
[    0.000000] BIOS-e820: [mem 0x00000000fec00000-0x00000000fec00fff] reserved
[    0.000000] BIOS-e820: [mem 0x00000000fee00000-0x00000000fee00fff] reserved
[    0.000000] BIOS-e820: [mem 0x00000000fffc0000-0x00000000ffffffff] reserved
[    0.000000] NX (Execute Disable) protection: active
[    0.000000] SMBIOS 2.5 present.
[    0.000000] Hypervisor detected: KVM
[    0.000000] e820: last_pfn = 0x3fff0 max_arch_pfn = 0x400000000
[    0.000000] MTRR: Disabled
[    0.000000] x86/PAT: MTRRs disabled, skipping PAT initialization too.
[    0.000000] CPU MTRRs all blank - virtualized system.
[    0.000000] x86/PAT: Configuration [0-7]: WB  WT  UC- UC  WB  WT  UC- UC  
[    0.000000] found SMP MP-table at [mem 0x0009fff0-0x0009ffff] mapped at [ffff88000009fff0]
[    0.000000] Scanning 1 areas for low memory corruption
[    0.000000] RAMDISK: [mem 0x362e0000-0x37167fff]
[    0.000000] ACPI: Early table checksum verification disabled
[    0.000000] ACPI: RSDP 0x00000000000E0000 000024 (v02 VBOX  )
[    0.000000] ACPI: XSDT 0x000000003FFF0030 00003C (v01 VBOX   VBOXXSDT 00000001 ASL  00000061)
[    0.000000] ACPI: FACP 0x000000003FFF00F0 0000F4 (v04 VBOX   VBOXFACP 00000001 ASL  00000061)
[    0.000000] ACPI: DSDT 0x000000003FFF0470 002325 (v02 VBOX   VBOXBIOS 00000002 INTL 20120111)
[    0.000000] ACPI: FACS 0x000000003FFF0200 000040
[    0.000000] ACPI: FACS 0x000000003FFF0200 000040
[    0.000000] ACPI: APIC 0x000000003FFF0240 00005C (v02 VBOX   VBOXAPIC 00000001 ASL  00000061)
[    0.000000] ACPI: SSDT 0x000000003FFF02A0 0001CC (v01 VBOX   VBOXCPUT 00000002 INTL 20120111)
[    0.000000] No NUMA configuration found
[    0.000000] Faking a node at [mem 0x0000000000000000-0x000000003ffeffff]
[    0.000000] NODE_DATA(0) allocated [mem 0x3ffeb000-0x3ffeffff]
[    0.000000] kvm-clock: Using msrs 4b564d01 and 4b564d00
[    0.000000] kvm-clock: cpu 0, msr 0:3ffe3001, primary cpu clock
[    0.000000] kvm-clock: using sched offset of 4571278176 cycles
[    0.000000] clocksource: kvm-clock: mask: 0xffffffffffffffff max_cycles: 0x1cd42e4dffb, max_idle_ns: 881590591483 ns
[    0.000000] Zone ranges:
[    0.000000]   DMA      [mem 0x0000000000001000-0x0000000000ffffff]
[    0.000000]   DMA32    [mem 0x0000000001000000-0x000000003ffeffff]
[    0.000000]   Normal   empty
[    0.000000]   Device   empty
[    0.000000] Movable zone start for each node
[    0.000000] Early memory node ranges
[    0.000000]   node   0: [mem 0x0000000000001000-0x000000000009efff]
[    0.000000]   node   0: [mem 0x0000000000100000-0x000000003ffeffff]
[    0.000000] Initmem setup node 0 [mem 0x0000000000001000-0x000000003ffeffff]
[    0.000000] ACPI: PM-Timer IO Port: 0x4008
[    0.000000] IOAPIC[0]: apic_id 2, version 32, address 0xfec00000, GSI 0-23
[    0.000000] ACPI: INT_SRC_OVR (bus 0 bus_irq 0 global_irq 2 dfl dfl)
[    0.000000] ACPI: INT_SRC_OVR (bus 0 bus_irq 9 global_irq 9 low level)
[    0.000000] Using ACPI (MADT) for SMP configuration information
[    0.000000] smpboot: Allowing 2 CPUs, 0 hotplug CPUs
[    0.000000] PM: Registered nosave memory: [mem 0x00000000-0x00000fff]
[    0.000000] PM: Registered nosave memory: [mem 0x0009f000-0x0009ffff]
[    0.000000] PM: Registered nosave memory: [mem 0x000a0000-0x000effff]
[    0.000000] PM: Registered nosave memory: [mem 0x000f0000-0x000fffff]
[    0.000000] e820: [mem 0x40000000-0xfebfffff] available for PCI devices
[    0.000000] Booting paravirtualized kernel on KVM
[    0.000000] clocksource: refined-jiffies: mask: 0xffffffff max_cycles: 0xffffffff, max_idle_ns: 7645519600211568 ns
[    0.000000] setup_percpu: NR_CPUS:512 nr_cpumask_bits:512 nr_cpu_ids:2 nr_node_ids:1
[    0.000000] PERCPU: Embedded 33 pages/cpu @ffff88003fc00000 s95448 r8192 d31528 u1048576
[    0.000000] Built 1 zonelists in Node order, mobility grouping on.  Total pages: 257912
[    0.000000] Policy zone: DMA32
[    0.000000] Kernel command line: BOOT_IMAGE=/boot/vmlinuz-4.4.0-173-generic root=LABEL=cloudimg-rootfs ro console=tty1 console=ttyS0
[    0.000000] PID hash table entries: 4096 (order: 3, 32768 bytes)
[    0.000000] Memory: 997672K/1048120K available (8626K kernel code, 1336K rwdata, 4032K rodata, 1488K init, 1292K bss, 50448K reserved, 0K cma-reserved)
[    0.000000] SLUB: HWalign=64, Order=0-3, MinObjects=0, CPUs=2, Nodes=1
[    0.000000] Kernel/User page tables isolation: enabled
[    0.000000] Hierarchical RCU implementation.
[    0.000000] 	Build-time adjustment of leaf fanout to 64.
[    0.000000] 	RCU restricting CPUs from NR_CPUS=512 to nr_cpu_ids=2.
[    0.000000] RCU: Adjusting geometry for rcu_fanout_leaf=64, nr_cpu_ids=2
[    0.000000] NR_IRQS:33024 nr_irqs:440 16
[    0.000000] Console: colour VGA+ 80x25
[    0.000000] console [tty1] enabled
[    0.000000] console [ttyS0] enabled
[    0.000000] tsc: Detected 2693.860 MHz processor
[    0.282330] Calibrating delay loop (skipped) preset value.. 5387.72 BogoMIPS (lpj=10775440)
[    0.287164] pid_max: default: 32768 minimum: 301
[    0.291724] ACPI: Core revision 20150930
[    0.296067] ACPI: 2 ACPI AML tables successfully acquired and loaded
[    0.300485] Security Framework initialized
[    0.301819] Yama: becoming mindful.
[    0.303122] AppArmor: AppArmor initialized
[    0.305018] Dentry cache hash table entries: 131072 (order: 8, 1048576 bytes)
[    0.310979] Inode-cache hash table entries: 65536 (order: 7, 524288 bytes)
[    0.314367] Mount-cache hash table entries: 2048 (order: 2, 16384 bytes)
[    0.316561] Mountpoint-cache hash table entries: 2048 (order: 2, 16384 bytes)
[    0.319160] Initializing cgroup subsys io
[    0.321012] Initializing cgroup subsys memory
[    0.322909] Initializing cgroup subsys devices
[    0.324860] Initializing cgroup subsys freezer
[    0.326667] Initializing cgroup subsys net_cls
[    0.328043] Initializing cgroup subsys perf_event
[    0.330307] Initializing cgroup subsys net_prio
[    0.331983] Initializing cgroup subsys hugetlb
[    0.333402] Initializing cgroup subsys pids
[    0.335324] mce: CPU supports 0 MCE banks
[    0.336931] Last level iTLB entries: 4KB 512, 2MB 8, 4MB 8
[    0.339364] Last level dTLB entries: 4KB 512, 2MB 32, 4MB 32, 1GB 0
[    0.341606] Spectre V1 : Mitigation: usercopy/swapgs barriers and __user pointer sanitization
[    0.345113] Spectre V2 : Mitigation: Full generic retpoline
[    0.347469] Spectre V2 : Spectre v2 / SpectreRSB mitigation: Filling RSB on context switch
[    0.350365] Speculative Store Bypass: Vulnerable
[    0.351785] MDS: Mitigation: Clear CPU buffers
[    0.356986] Freeing SMP alternatives memory: 36K
[    0.369660] ftrace: allocating 32304 entries in 127 pages
[    0.440577] smpboot: APIC(0) Converting physical 0 to logical package 0
[    0.443242] smpboot: Max logical packages: 1
[    0.444686] x2apic enabled
[    0.445870] Switched APIC routing to physical x2apic.
[    0.449816] ..TIMER: vector=0x30 apic1=0 pin1=2 apic2=-1 pin2=-1
[    0.559875] smpboot: CPU0: Intel(R) Core(TM) i7-3820QM CPU @ 2.70GHz (family: 0x6, model: 0x3a, stepping: 0x9)
[    0.563685] Performance Events: unsupported p6 CPU model 58 no PMU driver, software events only.
[    0.579492] KVM setup paravirtual spinlock
[    0.581834] x86: Booting SMP configuration:
[    0.583158] .... node  #0, CPUs:      #1
[    0.584592] kvm-clock: cpu 1, msr 0:3ffe3041, secondary cpu clock
[    0.586370] mce: CPU supports 0 MCE banks
[    0.589921] x86: Booted up 1 node, 2 CPUs
[    0.591424] smpboot: Total of 2 processors activated (10775.44 BogoMIPS)
[    0.594300] devtmpfs: initialized
[    0.596988] evm: security.selinux
[    0.598155] evm: security.SMACK64
[    0.599238] evm: security.SMACK64EXEC
[    0.600457] evm: security.SMACK64TRANSMUTE
[    0.601674] evm: security.SMACK64MMAP
[    0.603437] evm: security.ima
[    0.604514] evm: security.capability
[    0.605931] clocksource: jiffies: mask: 0xffffffff max_cycles: 0xffffffff, max_idle_ns: 7645041785100000 ns
[    0.609735] futex hash table entries: 512 (order: 3, 32768 bytes)
[    0.611766] pinctrl core: initialized pinctrl subsystem
[    0.613501] RTC time:  1:05:19, date: 11/02/22
[    0.615104] NET: Registered protocol family 16
[    0.628430] cpuidle: using governor ladder
[    0.640618] cpuidle: using governor menu
[    0.642891] PCCT header not found.
[    0.644149] ACPI: bus type PCI registered
[    0.645400] acpiphp: ACPI Hot Plug PCI Controller Driver version: 0.5
[    0.647346] PCI: Using configuration type 1 for base access
[    0.661037] ACPI: Added _OSI(Module Device)
[    0.662375] ACPI: Added _OSI(Processor Device)
[    0.663758] ACPI: Added _OSI(3.0 _SCP Extensions)
[    0.665335] ACPI: Added _OSI(Processor Aggregator Device)
[    0.668655] ACPI: Executed 1 blocks of module-level executable AML code
[    0.673740] ACPI: Interpreter enabled
[    0.674908] ACPI: (supports S0 S5)
[    0.676059] ACPI: Using IOAPIC for interrupt routing
[    0.677586] PCI: Using host bridge windows from ACPI; if necessary, use "pci=nocrs" and report a bug
[    0.686054] ACPI: PCI Root Bridge [PCI0] (domain 0000 [bus 00-ff])
[    0.687920] acpi PNP0A03:00: _OSC: OS supports [ASPM ClockPM Segments MSI]
[    0.691320] acpi PNP0A03:00: _OSC: not requesting OS control; OS requires [ExtendedConfig ASPM ClockPM MSI]
[    0.694154] acpi PNP0A03:00: fail to add MMCONFIG information, can't access extended PCI configuration space under this bridge.
[    0.698724] PCI host bridge to bus 0000:00
[    0.700174] pci_bus 0000:00: root bus resource [io  0x0000-0x0cf7 window]
[    0.702046] pci_bus 0000:00: root bus resource [io  0x0d00-0xffff window]
[    0.704297] pci_bus 0000:00: root bus resource [mem 0x000a0000-0x000bffff window]
[    0.707509] pci_bus 0000:00: root bus resource [mem 0x40000000-0xfdffffff window]
[    0.709880] pci_bus 0000:00: root bus resource [bus 00-ff]
[    0.715494] pci 0000:00:01.1: legacy IDE quirk: reg 0x10: [io  0x01f0-0x01f7]
[    0.717655] pci 0000:00:01.1: legacy IDE quirk: reg 0x14: [io  0x03f6]
[    0.719573] pci 0000:00:01.1: legacy IDE quirk: reg 0x18: [io  0x0170-0x0177]
[    0.721663] pci 0000:00:01.1: legacy IDE quirk: reg 0x1c: [io  0x0376]
[    0.750046] pci 0000:00:07.0: quirk: [io  0x4000-0x403f] claimed by PIIX4 ACPI
[    0.752225] pci 0000:00:07.0: quirk: [io  0x4100-0x410f] claimed by PIIX4 SMB
[    0.764078] ACPI: PCI Interrupt Link [LNKA] (IRQs 5 9 10 *11)
[    0.766363] ACPI: PCI Interrupt Link [LNKB] (IRQs 5 9 *10 11)
[    0.768714] ACPI: PCI Interrupt Link [LNKC] (IRQs 5 *9 10 11)
[    0.771363] ACPI: PCI Interrupt Link [LNKD] (IRQs 5 9 10 *11)
[    0.773811] ACPI: Enabled 2 GPEs in block 00 to 07
[    0.775780] vgaarb: setting as boot device: PCI:0000:00:02.0
[    0.777412] vgaarb: device added: PCI:0000:00:02.0,decodes=io+mem,owns=io+mem,locks=none
[    0.780013] vgaarb: loaded
[    0.781203] vgaarb: bridge control possible 0000:00:02.0
[    0.783871] SCSI subsystem initialized
[    0.785236] ACPI: bus type USB registered
[    0.786589] usbcore: registered new interface driver usbfs
[    0.788287] usbcore: registered new interface driver hub
[    0.789908] usbcore: registered new device driver usb
[    0.791682] PCI: Using ACPI for IRQ routing
[    0.794795] NetLabel: Initializing
[    0.795945] NetLabel:  domain hash size = 128
[    0.797178] NetLabel:  protocols = UNLABELED CIPSOv4
[    0.798651] NetLabel:  unlabeled traffic allowed by default
[    0.800560] amd_nb: Cannot enumerate AMD northbridges
[    0.802177] clocksource: Switched to clocksource kvm-clock
[    0.812289] AppArmor: AppArmor Filesystem Enabled
[    0.814149] pnp: PnP ACPI init
[    0.816722] pnp: PnP ACPI: found 3 devices
[    0.827598] clocksource: acpi_pm: mask: 0xffffff max_cycles: 0xffffff, max_idle_ns: 2085701024 ns
[    0.830617] NET: Registered protocol family 2
[    0.832114] TCP established hash table entries: 8192 (order: 4, 65536 bytes)
[    0.834210] TCP bind hash table entries: 8192 (order: 5, 131072 bytes)
[    0.836049] TCP: Hash tables configured (established 8192 bind 8192)
[    0.838013] UDP hash table entries: 512 (order: 2, 16384 bytes)
[    0.840013] UDP-Lite hash table entries: 512 (order: 2, 16384 bytes)
[    0.842000] NET: Registered protocol family 1
[    0.843325] pci 0000:00:00.0: Limiting direct PCI/PCI transfers
[    0.845072] pci 0000:00:01.0: Activating ISA DMA hang workarounds
[    0.847074] Unpacking initramfs...
[    1.074764] Freeing initrd memory: 14880K
[    1.076362] RAPL PMU detected, API unit is 2^-32 Joules, 3 fixed counters 10737418240 ms ovfl timer
[    1.078996] hw unit of domain pp0-core 2^-0 Joules
[    1.080622] hw unit of domain package 2^-0 Joules
[    1.082137] hw unit of domain pp1-gpu 2^-0 Joules
[    1.083791] clocksource: tsc: mask: 0xffffffffffffffff max_cycles: 0x26d495e7549, max_idle_ns: 440795226485 ns
[    1.086748] platform rtc_cmos: registered platform RTC device (no PNP device found)
[    1.089486] Scanning for low memory corruption every 60 seconds
[    1.091824] audit: initializing netlink subsys (disabled)
[    1.093415] audit: type=2000 audit(1667351125.508:1): initialized
[    1.095415] Initialise system trusted keyring
[    1.096909] HugeTLB registered 2 MB page size, pre-allocated 0 pages
[    1.100001] zbud: loaded
[    1.101134] VFS: Disk quotas dquot_6.6.0
[    1.102309] VFS: Dquot-cache hash table entries: 512 (order 0, 4096 bytes)
[    1.104477] squashfs: version 4.0 (2009/01/31) Phillip Lougher
[    1.106557] fuse init (API version 7.23)
[    1.107906] Key type big_key registered
[    1.109214] Allocating IMA MOK and blacklist keyrings.
[    1.111805] Key type asymmetric registered
[    1.113171] Asymmetric key parser 'x509' registered
[    1.114847] Block layer SCSI generic (bsg) driver version 0.4 loaded (major 249)
[    1.117951] io scheduler noop registered
[    1.119309] io scheduler deadline registered (default)
[    1.120893] io scheduler cfq registered
[    1.122344] pci_hotplug: PCI Hot Plug PCI Core version: 0.5
[    1.124100] pciehp: PCI Express Hot Plug Controller Driver version: 0.4
[    1.126488] ACPI: AC Adapter [AC] (on-line)
[    1.127813] input: Power Button as /devices/LNXSYSTM:00/LNXPWRBN:00/input/input0
[    1.130143] ACPI: Power Button [PWRF]
[    1.131490] input: Sleep Button as /devices/LNXSYSTM:00/LNXSLPBN:00/input/input1
[    1.133868] ACPI: Sleep Button [SLPF]
[    1.135642] GHES: HEST is not enabled!
[    1.136717] ACPI: Battery Slot [BAT0] (battery present)
[    1.138820] Serial: 8250/16550 driver, 32 ports, IRQ sharing enabled
[    1.161473] 00:02: ttyS0 at I/O 0x3f8 (irq = 4, base_baud = 115200) is a 16550A
[    1.166901] Linux agpgart interface v0.103
[    1.169959] loop: module loaded
[    1.171808] scsi host0: ata_piix
[    1.172937] scsi host1: ata_piix
[    1.174018] ata1: PATA max UDMA/33 cmd 0x1f0 ctl 0x3f6 bmdma 0xd000 irq 14
[    1.176405] ata2: PATA max UDMA/33 cmd 0x170 ctl 0x376 bmdma 0xd008 irq 15
[    1.178368] libphy: Fixed MDIO Bus: probed
[    1.180508] tun: Universal TUN/TAP device driver, 1.6
[    1.182129] tun: (C) 1999-2004 Max Krasnyansky <maxk@qualcomm.com>
[    1.184322] PPP generic driver version 2.4.2
[    1.185690] ehci_hcd: USB 2.0 'Enhanced' Host Controller (EHCI) Driver
[    1.187525] ehci-pci: EHCI PCI platform driver
[    1.189164] ehci-platform: EHCI generic platform driver
[    1.190746] ohci_hcd: USB 1.1 'Open' Host Controller (OHCI) Driver
[    1.192921] ohci-pci: OHCI PCI platform driver
[    1.194192] ohci-platform: OHCI generic platform driver
[    1.195728] uhci_hcd: USB Universal Host Controller Interface driver
[    1.197531] i8042: PNP: PS/2 Controller [PNP0303:PS2K,PNP0f03:PS2M] at 0x60,0x64 irq 1,12
[    1.200778] serio: i8042 KBD port at 0x60,0x64 irq 1
[    1.202186] serio: i8042 AUX port at 0x60,0x64 irq 12
[    1.203901] mousedev: PS/2 mouse device common for all mice
[    1.206124] input: AT Translated Set 2 keyboard as /devices/platform/i8042/serio0/input/input2
[    1.209514] rtc_cmos rtc_cmos: rtc core: registered rtc_cmos as rtc0
[    1.211324] rtc_cmos rtc_cmos: alarms up to one day, 114 bytes nvram
[    1.213172] i2c /dev entries driver
[    1.214313] device-mapper: uevent: version 1.0.3
[    1.215808] device-mapper: ioctl: 4.34.0-ioctl (2015-10-28) initialised: dm-devel@redhat.com
[    1.218393] ledtrig-cpu: registered to indicate activity on CPUs
[    1.220593] NET: Registered protocol family 10
[    1.222253] NET: Registered protocol family 17
[    1.223684] Key type dns_resolver registered
[    1.225427] registered taskstats version 1
[    1.226726] Loading compiled-in X.509 certificates
[    1.228713] Loaded X.509 cert 'Build time autogenerated kernel key: 4e6a82653c7e3a258f066f23f1954299de63b157'
[    1.232063] zswap: loaded using pool lzo/zbud
[    1.235422] Key type trusted registered
[    1.240285] Key type encrypted registered
[    1.241526] AppArmor: AppArmor sha1 policy hashing enabled
[    1.243313] ima: No TPM chip found, activating TPM-bypass!
[    1.244944] ima: Allocated hash algorithm: sha1
[    1.246869] evm: HMAC attrs: 0x1
[    1.249165]   Magic number: 14:794:52
[    1.250660] rtc_cmos rtc_cmos: setting system clock to 2022-11-02 01:05:19 UTC (1667351119)
[    1.253127] BIOS EDD facility v0.16 2004-Jun-25, 0 devices found
[    1.255011] EDD information not available.
[    1.360263] Freeing unused kernel memory: 1488K
[    1.362536] Write protecting the kernel read-only data: 14336k
[    1.366095] Freeing unused kernel memory: 1604K
[    1.368580] Freeing unused kernel memory: 64K
Loading, please wait...
starting version 229
[    1.390423] random: systemd-udevd: uninitialized urandom read (16 bytes read, 2 bits of entropy available)
[    1.391743] random: udevadm: uninitialized urandom read (16 bytes read, 2 bits of entropy available)
[    1.391780] random: udevadm: uninitialized urandom read (16 bytes read, 2 bits of entropy available)
[    1.406324] random: systemd-udevd: uninitialized urandom read (16 bytes read, 2 bits of entropy available)
[    1.409575] random: udevadm: uninitialized urandom read (16 bytes read, 2 bits of entropy available)
[    1.409630] random: udevadm: uninitialized urandom read (16 bytes read, 2 bits of entropy available)
[    1.409897] random: udevadm: uninitialized urandom read (16 bytes read, 2 bits of entropy available)
[    1.410006] random: udevadm: uninitialized urandom read (16 bytes read, 2 bits of entropy available)
[    1.410104] random: udevadm: uninitialized urandom read (16 bytes read, 2 bits of entropy available)
[    1.410200] random: udevadm: uninitialized urandom read (16 bytes read, 2 bits of entropy available)
[    1.497210] e1000: Intel(R) PRO/1000 Network Driver - version 7.3.21-k8-NAPI
[    1.499507] e1000: Copyright (c) 1999-2006 Intel Corporation.
[    1.502680] Fusion MPT base driver 3.04.20
[    1.506225] Copyright (c) 1999-2008 LSI Corporation
[    1.527224] Fusion MPT SPI Host driver 3.04.20
[    1.530913] AVX version of gcm_enc/dec engaged.
[    1.532715] AES CTR mode by8 optimization enabled
[    1.716120] input: ImExPS/2 Generic Explorer Mouse as /devices/platform/i8042/serio1/input/input4
[    2.092758] e1000 0000:00:03.0 eth0: (PCI:33MHz:32-bit) 02:98:a1:d7:05:cf
[    2.094814] e1000 0000:00:03.0 eth0: Intel(R) PRO/1000 Network Connection
[    2.097719] mptbase: ioc0: Initiating bringup
[    2.867592] ioc0: LSI53C1030 A0: Capabilities={Initiator}
[    3.284685] scsi host2: ioc0: LSI53C1030 A0, FwRev=00000000h, Ports=1, MaxQ=256, IRQ=20
[    3.399976] scsi 2:0:0:0: Direct-Access     VBOX     HARDDISK         1.0  PQ: 0 ANSI: 5
[    3.402501] scsi target2:0:0: Beginning Domain Validation
[    3.406327] scsi target2:0:0: Domain Validation skipping write tests
[    3.408990] scsi target2:0:0: Ending Domain Validation
[    3.410811] scsi target2:0:0: asynchronous
[    3.412668] scsi 2:0:1:0: Direct-Access     VBOX     HARDDISK         1.0  PQ: 0 ANSI: 5
[    3.436431] scsi target2:0:1: Beginning Domain Validation
[    3.448478] scsi target2:0:1: Domain Validation skipping write tests
[    3.461519] scsi target2:0:1: Ending Domain Validation
[    3.465427] scsi target2:0:1: asynchronous
[    3.488713] sd 2:0:0:0: Attached scsi generic sg0 type 0
[    3.492688] sd 2:0:0:0: [sda] 20971520 512-byte logical blocks: (10.7 GB/10.0 GiB)
[    3.498740] sd 2:0:1:0: [sdb] 20480 512-byte logical blocks: (10.5 MB/10.0 MiB)
[    3.504167] sd 2:0:1:0: Attached scsi generic sg1 type 0
[    3.507989] sd 2:0:0:0: [sda] Write Protect is off
[    3.511430] sd 2:0:1:0: [sdb] Write Protect is off
[    3.514721] sd 2:0:1:0: [sdb] Incomplete mode parameter data
[    3.517920] sd 2:0:1:0: [sdb] Assuming drive cache: write through
[    3.521221] sd 2:0:0:0: [sda] Incomplete mode parameter data
[    3.525162] sd 2:0:0:0: [sda] Assuming drive cache: write through
[    3.533775]  sda: sda1
[    3.537507] sd 2:0:1:0: [sdb] Attached SCSI disk
[    3.541150] sd 2:0:0:0: [sda] Attached SCSI disk
[    4.114323] e1000 0000:00:08.0 eth1: (PCI:33MHz:32-bit) 08:00:27:3e:45:48
[    4.118088] e1000 0000:00:08.0 eth1: Intel(R) PRO/1000 Network Connection
[    4.122422] e1000 0000:00:08.0 enp0s8: renamed from eth1
[    4.141022] e1000 0000:00:03.0 enp0s3: renamed from eth0
Begin: Loading essential drivers ... [    5.570808] md: linear personality registered for level -1
[    5.575110] md: multipath personality registered for level -4
[    5.579725] md: raid0 personality registered for level 0
[    5.585802] md: raid1 personality registered for level 1
[    5.658226] raid6: sse2x1   gen()  8479 MB/s
[    5.726262] raid6: sse2x1   xor()  7051 MB/s
[    5.794238] raid6: sse2x2   gen() 10892 MB/s
[    5.862295] raid6: sse2x2   xor()  7532 MB/s
[    5.930227] raid6: sse2x4   gen() 12758 MB/s
[    5.998250] raid6: sse2x4   xor()  8397 MB/s
[    6.000890] raid6: using algorithm sse2x4 gen() 12758 MB/s
[    6.004495] raid6: .... xor() 8397 MB/s, rmw enabled
[    6.007971] raid6: using ssse3x2 recovery algorithm
[    6.013164] xor: automatically using best checksumming function:
[    6.054267]    avx       : 16357.000 MB/sec
[    6.058867] async_tx: api initialized (async)
[    6.075974] md: raid6 personality registered for level 6
[    6.077631] md: raid5 personality registered for level 5
[    6.079277] md: raid4 personality registered for level 4
[    6.088187] md: raid10 personality registered for level 10
done.
Begin: Running /scripts/init-premount ... done.
Begin: Mounting root file system ... Begin: Running /scripts/local-top ... done.
Begin: Running /scripts/local-premount ... [    6.123460] Btrfs loaded
Scanning for Btrfs filesystems
done.
Warning: fsck not present, so skipping root file system
[    6.158156] EXT4-fs (sda1): mounted filesystem with ordered data mode. Opts: (null)
done.
Begin: Running /scripts/local-bottom ... done.
Begin: Running /scripts/init-bottom ... done.
[    6.287759] systemd[1]: systemd 229 running in system mode. (+PAM +AUDIT +SELINUX +IMA +APPARMOR +SMACK +SYSVINIT +UTMP +LIBCRYPTSETUP +GCRYPT +GNUTLS +ACL +XZ -LZ4 +SECCOMP +BLKID +ELFUTILS +KMOD -IDN)
[    6.293765] systemd[1]: Detected virtualization oracle.
[    6.295344] systemd[1]: Detected architecture x86-64.

Welcome to [1mUbuntu 16.04.6 LTS[0m!

[    6.301320] systemd[1]: Set hostname to <ubuntu>.
[    6.307667] systemd[1]: Initializing machine ID from random generator.
[    6.310051] systemd[1]: Installed transient /etc/machine-id file.
[    7.262325] systemd[1]: Listening on udev Kernel Socket.
[[0;32m  OK  [0m] Listening on udev Kernel Socket.
[    7.265610] systemd[1]: Reached target System Time Synchronized.
[[0;32m  OK  [0m] Reached target System Time Synchronized.
[    7.269143] systemd[1]: Created slice User and Session Slice.
[[0;32m  OK  [0m] Created slice User and Session Slice.
[    7.272558] systemd[1]: Started Trigger resolvconf update for networkd DNS.
[[0;32m  OK  [0m] Started Trigger resolvconf update for networkd DNS.
[    7.276821] systemd[1]: Listening on LVM2 poll daemon socket.
[[0;32m  OK  [0m] Listening on LVM2 poll daemon socket.
[    7.280226] systemd[1]: Created slice System Slice.
[[0;32m  OK  [0m] Created slice System Slice.
[    7.283512] systemd[1]: Reached target Slices.
[[0;32m  OK  [0m] Reached target Slices.
[    7.286069] systemd[1]: Listening on /dev/initctl Compatibility Named Pipe.
[[0;32m  OK  [0m] Listening on /dev/initctl Compatibility Named Pipe.
[    7.290018] systemd[1]: Set up automount Arbitrary Executable File Formats File System Automount Point.
[[0;32m  OK  [0m] Set up automount Arbitrary Executab...ats File System Automount Point.
[    7.294904] systemd[1]: Listening on LVM2 metadata daemon socket.
[[0;32m  OK  [0m] Listening on LVM2 metadata daemon socket.
[    7.303411] systemd[1]: Created slice system-serial\x2dgetty.slice.
[[0;32m  OK  [0m] Created slice system-serial\x2dgetty.slice.
[    7.314748] systemd[1]: Reached target User and Group Name Lookups.
[[0;32m  OK  [0m] Reached target User and Group Name Lookups.
[    7.318486] systemd[1]: Started Forward Password Requests to Wall Directory Watch.
[[0;32m  OK  [0m] Started Forward Password Requests to Wall Directory Watch.
[    7.322608] systemd[1]: Listening on Syslog Socket.
[[0;32m  OK  [0m] Listening on Syslog Socket.
[    7.325459] systemd[1]: Reached target Swap.
[[0;32m  OK  [0m] Reached target Swap.
[    7.328645] systemd[1]: Listening on Journal Socket.
[[0;32m  OK  [0m] Listening on Journal Socket.
[    7.350533] systemd[1]: Starting Load Kernel Modules...
         Starting Load Kernel Modules...
[    7.355952] systemd[1]: Starting Uncomplicated firewall...
         Starting Uncomplicated firewall...
[    7.362484] systemd[1]: Starting Set console keymap...
         Starting Set console keymap...
[    7.368384] systemd[1]: Starting Nameserver information manager...
[    7.371619] Loading iSCSI transport class v2.0-870.
         Starting Nameserver information manager...
[    7.376703] systemd[1]: Mounting Debug File System...
         Mounting Debug File System...
[    7.383607] systemd[1]: Mounting Huge Pages File System...
         Mounting Huge Pages File System...
[    7.389658] systemd[1]: Starting Create list of required static device nodes for the current kernel...
         [    7.394128] iscsi: registered transport (tcp)
Starting Create list of required st... nodes for the current kernel...
[    7.398485] systemd[1]: Mounting POSIX Message Queue File System...
         Mounting POSIX Message Queue File System...
[    7.407284] systemd[1]: Starting Remount Root and Kernel File Systems...
         Starting Remount Root and Kernel File Systems...
[    7.413179] systemd[1]: Listening on Journal Audit Socket.
[[0;32m  OK  [0m] Listening on Journal Audit Socket.
[    7.419327] systemd[1]: Listening on Journal Socket (/dev/log).
[[0;32m  OK  [0m] Listening on Journal Socket (/dev/log).
[    7.425017] EXT4-fs (sda1): re-mounted. Opts: (null)
[    7.428117] systemd[1]: Starting Journal Service...
         Starting Journal Service...
[    7.432040] systemd[1]: Listening on Device-mapper event daemon FIFOs.
[[0;32m  OK  [0m] Listening on Device-mapper event daemon FIFOs.
[    7.439331] systemd[1]: Starting Monitoring of LVM2 mirrors, snapshots etc. using dmeventd or progress polling...
         Starting Monitoring of LVM2 mirrors... dmeventd or progress polling...
[    7.446139] systemd[1]: Reached target Encrypted Volumes.
[[0;32m  OK  [0m] Reached target Encrypted Volumes.
[    7.450737] systemd[1]: Listening on udev Control Socket.
[[0;32m  OK  [0m] Listening on udev Control Socket.
[    7.457734] systemd[1]: Mounted Huge Pages File System.
[[0;32m  OK  [0m] Mounted Huge Pages File System.
[    7.465589] systemd[1]: Mounted Debug File System.
[[0;32m  OK  [0m] Mounted Debug File System.
[    7.470388] systemd[1]: Mounted POSIX Message Queue File System.
[[0;32m  OK  [0m] Mounted POSIX Message Queue File System.
[    7.475053] systemd[1]: Started Uncomplicated firewall.
[[0;32m  OK  [0m] Started Uncomplicated firewall.
[    7.479929] systemd[1]: Started Create list of required static device nodes for the current kernel.
[[0;32m  OK  [0m] Started Create list of required sta...ce nodes for the current kernel.
[    7.488103] systemd[1]: Started Set console keymap.
[[0;32m  OK  [0m] Started Set console keymap.
[    7.491517] systemd[1]: Started Remount Root and Kernel File Systems.
[[0;32m  OK  [0m] Started Remount Root and Kernel File Systems.
[    7.496976] iscsi: registered transport (iser)
[    7.511103] systemd[1]: Started Nameserver information manager.
[[0;32m  OK  [0m] Started Nameserver information manager.
[    7.515212] systemd[1]: Started Load Kernel Modules.
[[0;32m  OK  [0m] Started Load Kernel Modules.
[    7.519843] systemd[1]: Started Journal Service.
[[0;32m  OK  [0m] Started Journal Service.
[[0;32m  OK  [0m] Started LVM2 metadata daemon.
         Mounting FUSE Control File System...
         Starting Apply Kernel Variables...
         Starting Load/Save Random Seed...
         Starting udev Coldplug all Devices...
         Starting Flush Journal to Persistent Storage...
         Starting Create Static Device Nodes in /dev...
[[0;32m  OK  [0m] Mounted FUSE Control File System.
[[0;32m  OK  [0m] Started Load/Save Random Seed.
[[0;32m  OK  [0m] Started Apply Kernel Variables.
[[0;32m  OK  [0m] Started Flush Journal to Persistent Storage.
[[0;32m  OK  [0m] Started Create Static Device Nodes in /dev.
         Starting udev Kernel Device Manager...
[[0;32m  OK  [0m] Started udev Coldplug all Devices.
[[0;32m  OK  [0m] Started udev Kernel Device Manager.
[[0;32m  OK  [0m] Started Dispatch Password Requests to Console Directory Watch.
[[0;32m  OK  [0m] Started Monitoring of LVM2 mirrors,...ng dmeventd or progress polling.
[[0;32m  OK  [0m] Reached target Local File Systems (Pre).
[[0;32m  OK  [0m] Reached target Local File Systems.
         Starting LSB: AppArmor initialization...
         Starting Set console font and keymap...
         Starting Commit a transient machine-id on disk...
         Starting Tell Plymouth To Write Out Runtime Data...
         Starting Create Volatile Files and Directories...
         Starting Initial cloud-init job (pre-networking)...
[[0;32m  OK  [0m] Started Tell Plymouth To Write Out Runtime Data.
[[0;32m  OK  [0m] Started Create Volatile Files and Directories.
         Starting Update UTMP about System Boot/Shutdown...
[[0;32m  OK  [0m] Started Commit a transient machine-id on disk.
[[0;32m  OK  [0m] Started Update UTMP about System Boot/Shutdown.
[[0;32m  OK  [0m] Found device /dev/ttyS0.
[[0;32m  OK  [0m] Listening on Load/Save RF Kill Switch Status /dev/rfkill Watch.
[[0;32m  OK  [0m] Started LSB: AppArmor initialization.
[    9.131420] [[0;32m  OK  [0m] Started Initial cloud-init job (pre-networking).
[[0;32m  OK  [0m] Reached target Network (Pre).
cloud-init[494]: Cloud-init v. 19.4-33-gbb4131a2-0ubuntu1~16.04.1 running 'init-local' at Wed, 02 Nov 2022 01:05:27 +0000. Up 8.50 seconds.
         Starting Raise network interfaces...
[[0;32m  OK  [0m] Started Set console font and keymap.
[[0;32m  OK  [0m] Created slice system-getty.slice.
[[0;32m  OK  [0m] Started Raise network interfaces.
[[0;32m  OK  [0m] Reached target Network.
         Starting Initial cloud-init job (metadata service crawler)...
[   10.935596] cloud-init[963]: Cloud-init v. 19.4-33-gbb4131a2-0ubuntu1~16.04.1 running 'init' at Wed, 02 Nov 2022 01:05:28 +0000. Up 10.11 seconds.
[   10.941745] cloud-init[963]: ci-info: ++++++++++++++++++++++++++++++++++++++Net device info++++++++++++++++++++++++++++++++++++++
[   10.947593] cloud-init[963]: ci-info: +--------+-------+---------------------------+---------------+--------+-------------------+
[   10.952210] cloud-init[963]: ci-info: | Device |   Up  |          Address          |      Mask     | Scope  |     Hw-Address    |
[   10.957923] cloud-init[963]: ci-info: +--------+-------+---------------------------+---------------+--------+-------------------+
[   10.964787] cloud-init[963]: ci-info: | enp0s3 |  True |         10.0.2.15         | 255.255.255.0 | global | 02:98:a1:d7:05:cf |
[   10.969325] cloud-init[963]: ci-info: | enp0s3 |  True | fe80::98:a1ff:fed7:5cf/64 |       .       |  link  | 02:98:a1:d7:05:cf |
[   10.974093] cloud-init[963]: ci-info: | enp0s8 | False |             .             |       .       |   .    | 08:00:27:3e:45:48 |
[   10.979250] cloud-init[963]: ci-info: |   lo   |  True |         127.0.0.1         |   255.0.0.0   |  host  |         .         |
[   10.986107] cloud-init[963]: ci-info: |   lo   |  True |          ::1/128          |       .       |  host  |         .         |
[   10.991507] cloud-init[963]: ci-info: +--------+-------+---------------------------+---------------+--------+-------------------+
[   10.997027] cloud-init[963]: ci-info: +++++++++++++++++++++++++++Route IPv4 info++++++++++++++++++++++++++++
[   11.002359] cloud-init[963]: ci-info: +-------+-------------+----------+---------------+-----------+-------+
[   11.008658] cloud-init[963]: ci-info: | Route | Destination | Gateway  |    Genmask    | Interface | Flags |
[   11.013961] cloud-init[963]: ci-info: +-------+-------------+----------+---------------+-----------+-------+
[   11.018867] cloud-init[963]: ci-info: |   0   |   0.0.0.0   | 10.0.2.2 |    0.0.0.0    |   enp0s3  |   UG  |
[   11.023926] cloud-init[963]: ci-info: |   1   |   10.0.2.0  | 0.0.0.0  | 255.255.255.0 |   enp0s3  |   U   |
[   11.028843] cloud-init[963]: ci-info: +-------+-------------+----------+---------------+-----------+-------+
[   11.033999] cloud-init[963]: ci-info: +++++++++++++++++++Route IPv6 info+++++++++++++++++++
[   11.039353] cloud-init[963]: ci-info: +-------+-------------+---------+-----------+-------+
[   11.044575] cloud-init[963]: ci-info: | Route | Destination | Gateway | Interface | Flags |
[   11.049817] cloud-init[963]: ci-info: +-------+-------------+---------+-----------+-------+
[   11.055726] cloud-init[963]: ci-info: |   0   |  fe80::/64  |    ::   |   enp0s3  |   U   |
[   11.061029] cloud-init[963]: ci-info: |   3   |   ff00::/8  |    ::   |   enp0s3  |   U   |
[   11.066275] cloud-init[963]: ci-info: +-------+-------------+---------+-----------+-------+
[   11.070797] cloud-init[963]: Generating public/private rsa key pair.
[   11.074774] cloud-init[963]: Your identification has been saved in /etc/ssh/ssh_host_rsa_key.
[   11.079747] cloud-init[963]: Your public key has been saved in /etc/ssh/ssh_host_rsa_key.pub.
[   11.085126] cloud-init[963]: The key fingerprint is:
[   11.088247] cloud-init[963]: SHA256:fBGuRn9O1XKaviTpWdenSgSyhh+IcXtR1JFNT6PR7Fw root@ubuntu-xenial
[   11.093338] cloud-init[963]: The key's randomart image is:
[   11.100955] cloud-init[963]: +---[RSA 2048]----+
[   11.104752] cloud-init[963]: |         .+..*+..|
[   11.107771] cloud-init[963]: |         o .o +*E|
[   11.111357] cloud-init[963]: |    . . + +  .= =|
[   11.113628] cloud-init[963]: |     + * * o . B |
[   11.116331] cloud-init[963]: |    . + S o + o  |
[   11.119106] cloud-init[963]: |       = o = o  .|
[   11.122428] cloud-init[963]: |        .   = + +|
[   11.125312] cloud-init[963]: |           o = +.|
[   11.128229] cloud-init[963]: |            +.o  |
[   11.136834] cloud-init[963]: +----[SHA256]-----+
[   11.139211] cloud-init[963]: Generating public/private dsa key pair.
[   11.141853] cloud-init[963]: Your identification has been saved in /etc/ssh/ssh_host_dsa_key.
[   11.144275] cloud-init[963]: Your public key has been saved in /etc/ssh/ssh_host_dsa_key.pub.
[   11.148006] cloud-init[963]: The key fingerprint is:
[   11.150032] cloud-init[963]: SHA256:5sURfsTqixqnDRaTiuaMsnTP5+3NtMTTK0/OMavp82o root@ubuntu-xenial
[   11.154397] cloud-init[963]: The key's randomart image is:
[   11.157032] cloud-init[963]: +---[DSA 1024]----+
[   11.158974] cloud-init[963]: |          ...    |
[   11.161761] cloud-init[963]: |         . o.    |
[   11.164198] cloud-init[963]: |          o..    |
[   11.165943] cloud-init[963]: |       . ..o     |
[   11.167995] cloud-init[963]: |      + S.o      |
[   11.171124] cloud-init[963]: |   . . = .o .    |
[   11.173923] cloud-init[963]: | .o.. + o. * =   |
[   11.176476] cloud-init[963]: |o=. o. Bo *EB =  |
[   11.179594] cloud-init[963]: |+.o  o=ooooOBB   |
[   11.181564] cloud-init[963]: +----[SHA256]-----+
[   11.183784] cloud-init[963]: Generating public/private ecdsa key pair.
[   11.187646] cloud-init[963]: Your identification has been saved in /etc/ssh/ssh_host_ecdsa_key.
[   11.191633] cloud-init[963]: Your public key has been saved in /etc/ssh/ssh_host_ecdsa_key.pub.
[   11.196496] cloud-init[963]: The key fingerprint is:
[   11.199123] cloud-init[963]: SHA256:wvvQsKfbl0/R1u6vuaviMszIAhLoVplwpkYFZ7Fl/zg root@ubuntu-xenial
[   11.203727] cloud-init[963]: The key's randomart image is:
[[   11.206551] cloud-init[963]: +---[ECDSA 256]---+
[0;32m  OK  [0m] Started Initial cloud-init job (metadata service crawler).
[   11.207059] cloud-init[963]: | .o=.o           |
[   11.213818] cloud-init[963]: | ooo+ .          |
[   11.214462] cloud-init[963]: |o =.o  .         |
[   11.216812] cloud-init[963]: |oo + .  o    . . |
[   11.218497] cloud-init[963]: |o..   +ES.  . o .|
[[0;32m  OK  [0m] Reached target Network is Online.
[   11.220346] cloud-init[963]: |.o.    *.    o . |
[   11.225503] cloud-init[963]: |.. . .++o  ..   .|
[   11.229229] cloud-init[963]: |    . o*= +.   o |
[   11.232259] cloud-init[963]: |     .o.o=.oo.=++|
[   11.235003] cloud-init[963]: +----[SHA256]-----+
[   11.238320] cloud-init[963]: Generating public/private ed25519 key pair.
[   11.238699] cloud-init[963]: Your identification has been saved in /etc/ssh/ssh_host_ed25519_key.
[   11.242870] cloud-init[963]: Your public key has been saved in /etc/ssh/ssh_host_ed25519_key.pub.
[   11.244402] cloud-init[963]: The key fingerprint is:
[   11.244552] cloud-init[963]: SHA256:zsn7jfhVKPZZ2+eRZBretoDa7M2Xi/LbdwekwrSyiQA root@ubuntu-xenial
[   11.249389] cloud-init[963]: The key's randomart image is:
[   11.252355] cloud-init[963]: +--[ED25519 256]--+
[   11.253411] cloud-init[963]: |                 |
[   11.253748] cloud-init[963]: |                 |
[   11.265283] cloud-init[963]: |                 |
         Starting iSCSI initiator daemon (iscsid)...
[[0;32m  OK  [0m] Reached target Cloud-config availability.[   11.274211] cloud-init[963]: |  E       .  ..  |
[[0;32m  OK  [0m] Reached target System Initialization.
[[0;32m  OK  [0m] Listening on UUID daemon activation socket.
[[0;32m  OK  [0m] Started Message of the Day.
[   11.285497] cloud-init[963]: |   .    Soo..+oo |

[   11.289330] cloud-init[963]: |    .  +.o+o++Bo.|
         Starting LXD - unix socket.[   11.295221] cloud-init[963]: |     . .=+ o++.*+|
[   11.297185] cloud-init[963]: |      . oo+=o =+B|
[   11.300597] cloud-init[963]: |        o+=++*o+*|
[   11.301990] cloud-init[963]: +----[SHA256]-----+

         Starting Socket activation for snappy daemon.
[[0;32m  OK  [0m] Started Daily apt download activities.
[[0;32m  OK  [0m] Started Daily apt upgrade and clean activities.
[[0;32m  OK  [0m] Started Daily Cleanup of Temporary Directories.
[[0;32m  OK  [0m] Reached target Timers.
[[0;32m  OK  [0m] Started ACPI Events Check.
[[0;32m  OK  [0m] Reached target Paths.
[[0;32m  OK  [0m] Listening on D-Bus System Message Bus Socket.
[[0;32m  OK  [0m] Listening on ACPID Listen Socket.
[[0;32m  OK  [0m] Listening on LXD - unix socket.
[[0;32m  OK  [0m] Listening on Socket activation for snappy daemon.
[[0;32m  OK  [0m] Reached target Sockets.
[[0;32m  OK  [0m] Reached target Basic System.
[[0;32m  OK  [0m] Started D-Bus System Message Bus.
[[0;32m  OK  [0m] Started FUSE filesystem for LXC.
         Starting Pollinate to seed the pseudo random number generator...
[[0;32m  OK  [0m] Started ACPI event daemon.
         Starting LSB: MD monitoring daemon...
[[0;32m  OK  [0m] Started Regular background program processing daemon.
         Starting LSB: Record successful boot for GRUB...
         Starting Login Service...
         Starting /etc/rc.local Compatibility...
         Starting Virtualbox guest utils...
         Starting System Logging Service...
         Starting Accounts Service...
[[0;32m  OK  [0m] Started Deferred execution scheduler.
         Starting Snappy daemon...
         Starting LXD - container startup/shutdown...
[[0;32m  OK  [0m] Started iSCSI initiator daemon (iscsid).
[[0;32m  OK  [0m] Started /etc/rc.local Compatibility.
         Starting Login to default iSCSI targets...
[[0;32m  OK  [0m] Started Login Service.
[[0;32m  OK  [0m] Started Unattended Upgrades Shutdown.
[[0;32m  OK  [0m] Started LSB: MD monitoring daemon.
[[0;32m  OK  [0m] Started System Logging Service.
[[0;32m  OK  [0m] Started Login to default iSCSI targets.
[[0;32m  OK  [0m] Reached target Remote File Systems (Pre).
[[0;32m  OK  [0m] Reached target Remote File Systems.
         Starting LSB: automatic crash report generation...
         Starting LSB: Set the CPU Frequency Scaling governor to "ondemand"...
         Starting LSB: daemon to balance interrupts for SMP systems...
         Starting Permit User Sessions...
[[0;32m  OK  [0m] Started LSB: Record successful boot for GRUB.
[[0;32m  OK  [0m] Started Permit User Sessions.
         Starting Terminate Plymouth Boot Screen...
         Starting Hold until boot process finishes up...
[[0;32m  OK  [0m] Started Terminate Plymouth Boot Screen.
[[0;32m  OK  [0m] Started Hold until boot process finishes up.
[[0;32m  OK  [0m] Started LXD - container startup/shutdown.
[[0;32m  OK  [0m] Started LSB: automatic crash report generation.
[[0;32m  OK  [0m] Started LSB: Set the CPU Frequency Scaling governor to "ondemand".
         Starting Authenticate and Authorize Users to Run Privileged Tasks...
[[0;32m  OK  [0m] Started Getty on tty1.
[[0;32m  OK  [0m] Started Serial Getty on ttyS0.
[[0;32m  OK  [0m] Reached target Login Prompts.
         Starting Set console scheme...
[[0;32m  OK  [0m] Started Set console scheme.
[[0;32m  OK  [0m] Started Authenticate and Authorize Users to Run Privileged Tasks.
[[0;32m  OK  [0m] Started Virtualbox guest utils.
[[0;32m  OK  [0m] Started Accounts Service.
[[0;32m  OK  [0m] Started LSB: daemon to balance interrupts for SMP systems.
[[0;32m  OK  [0m] Started Snappy daemon.
         Starting Wait until snapd is fully seeded...
[[0;32m  OK  [0m] Started Pollinate to seed the pseudo random number generator.
         Starting OpenBSD Secure Shell server...
[[0;32m  OK  [0m] Started OpenBSD Secure Shell server.
[[0;32m  OK  [0m] Created slice User Slice of vagrant.
         Starting User Manager for UID 1000...
[[0;32m  OK  [0m] Started Session 1 of user vagrant.
[[0;32m  OK  [0m] Started User Manager for UID 1000.
[[0;32m  OK  [0m] Started Wait until snapd is fully seeded.
[[0;32m  OK  [0m] Reached target Multi-User System.
[[0;32m  OK  [0m] Reached target Graphical Interface.
         Starting Update UTMP about System Runlevel Changes...
         Starting Apply the settings specified in cloud-config...
[[0;32m  OK  [0m] Started Update UTMP about System Runlevel Changes.
[   15.009276] cloud-init[1437]: Generating locales (this might take a while)...
         Stopping User Manager for UID 1000...
[[0;32m  OK  [0m] Stopped User Manager for UID 1000.
[[0;32m  OK  [0m] Removed slice User Slice of vagrant.
[[0;32m  OK  [0m] Created slice User Slice of vagrant.
         Starting User Manager for UID 1000...
[[0;32m  OK  [0m] Started Session 2 of user vagrant.
[[0;32m  OK  [0m] Started User Manager for UID 1000.
[   16.224014] cloud-init[1437]:   en_US.UTF-8... done
[   16.227576] cloud-init[1437]: Generation complete.
[   16.671329] cloud-init[1437]: Cloud-init v. 19.4-33-gbb4131a2-0ubuntu1~16.04.1 running 'modules:config' at Wed, 02 Nov 2022 01:05:33 +0000. Up 14.77 seconds.
[[0;32m  OK  [0m] Started Apply the settings specified in cloud-config.
         Starting Execute cloud user/final scripts...
ci-info: no authorized SSH keys fingerprints found for user ubuntu.
<14>Nov  2 01:05:35 ec2: 
<14>Nov  2 01:05:35 ec2: #############################################################
<14>Nov  2 01:05:35 ec2: -----BEGIN SSH HOST KEY FINGERPRINTS-----
<14>Nov  2 01:05:35 ec2: 1024 SHA256:5sURfsTqixqnDRaTiuaMsnTP5+3NtMTTK0/OMavp82o root@ubuntu-xenial (DSA)
<14>Nov  2 01:05:35 ec2: 256 SHA256:wvvQsKfbl0/R1u6vuaviMszIAhLoVplwpkYFZ7Fl/zg root@ubuntu-xenial (ECDSA)
<14>Nov  2 01:05:35 ec2: 256 SHA256:zsn7jfhVKPZZ2+eRZBretoDa7M2Xi/LbdwekwrSyiQA root@ubuntu-xenial (ED25519)
<14>Nov  2 01:05:35 ec2: 2048 SHA256:fBGuRn9O1XKaviTpWdenSgSyhh+IcXtR1JFNT6PR7Fw root@ubuntu-xenial (RSA)
<14>Nov  2 01:05:35 ec2: -----END SSH HOST KEY FINGERPRINTS-----
<14>Nov  2 01:05:35 ec2: #############################################################
-----BEGIN SSH HOST KEY KEYS-----
ecdsa-sha2-nistp256 AAAAE2VjZHNhLXNoYTItbmlzdHAyNTYAAAAIbmlzdHAyNTYAAABBBDME6Clm/YbRSQHD24hBetRB9dk9Nqnh+Ul+kTO+7iDhYwGJFvFdSRD7GRGOpssGcrLmXTVfNtsnhjHnA5445VU= root@ubuntu-xenial
ssh-ed25519 AAAAC3NzaC1lZDI1NTE5AAAAILuFrHqtAHzUnjhRdoiBDkZuWTsbBKl8msDj2PEdBrw1 root@ubuntu-xenial
ssh-rsa AAAAB3NzaC1yc2EAAAADAQABAAABAQDUO8XfD1EoJ+iaxdYsOUCUHpPjz1VFdHy5ZectXh8phNyQBxA3OJQnByGSKcwVAip1gzeIdKm8gVHmnTmQxSPMcVQL/zGetKTTDm6OgYScj2BtXq/iygHmR3Vt4bYGQwVf2gJmdeImBx0EWw6dyUxkEiAFxMms0n/Ebdz1i9frjqkulGfJ2BWBPvJQaXpPlatUlpIRcRruPKl0KmA91JdrYIcgUbiU1ynZk580cfWXCAUi1THxi8xlDEGOcopgAAwepVxtOErrzelgb2x6ArwxBfHuTjCAYbuDFlNDFgy7nOwMRW1b7LRpUvfhAqGQk565ly1k4Yb5SM7o3BUbyCnn root@ubuntu-xenial
-----END SSH HOST KEY KEYS-----
[   17.343550] cloud-init[1681]: Cloud-init v. 19.4-33-gbb4131a2-0ubuntu1~16.04.1 running 'modules:final' at Wed, 02 Nov 2022 01:05:35 +0000. Up 17.13 seconds.
[   17.347707] cloud-init[1681]: ci-info: no authorized SSH keys fingerprints found for user ubuntu.
[   17.349930] cloud-init[1681]: Cloud-init v. 19.4-33-gbb4131a2-0ubuntu1~16.04.1 finished at Wed, 02 Nov 2022 01:05:35 +0000. Datasource DataSourceNoCloud [seed=/dev/sdb][dsmode=net].  Up 17.31 seconds

Ubuntu 16.04.6 LTS ubuntu-xenial ttyS0

ubuntu-xenial login: 